// Jest Snapshot v1, https://goo.gl/fbAQLP

exports[`when Movie List then snapshot created 1`] = `
<div
  className="movie-list"
>
  <div
    className="movie-list__count"
  >
    <span
      className="movie-list__number"
    />
     movies found
  </div>
  <div
    className="MuiGrid-root MuiGrid-container MuiGrid-spacing-xs-1 MuiGrid-align-content-xs-space-around"
  >
    <div
      className="no-movie-found"
    >
      No Movie Found
    </div>
  </div>
</div>
`;
